label: gpt
label-id: 92520E9C-11EF-6B46-9E22-56D37B48968E
device: /dev/sda
unit: sectors
first-lba: 34
last-lba: 490234718
sector-size: 512

/dev/sda1 : start=    14929936, size=    33554416, type=0FC63DAF-8483-4772-8E79-3D69D8477DE4, uuid=EDAF42D9-2EC5-ED40-B515-A752AB475026, name="STATE"
/dev/sda2 : start=    14798864, size=      131072, type=FE3A2A5D-4F32-41A7-B725-ACCC3285A309, uuid=2B365AB2-CEBD-5A40-AE35-F825664236CF, name="KERN-A", attrs="GUID:49,56"
/dev/sda3 : start=     8687632, size=     6111232, type=3CB8E202-3B7E-47DD-8A3C-7FF2A13CFCEC, uuid=B04BF1C5-453D-A34D-A102-1D97E9150313, name="ROOT-A"
/dev/sda4 : start=     8556560, size=      131072, type=FE3A2A5D-4F32-41A7-B725-ACCC3285A309, uuid=D7FA0A9E-D710-614B-98BE-73842EC19B0D, name="KERN-B", attrs="GUID:48,56"
/dev/sda5 : start=     2445328, size=     6111232, type=3CB8E202-3B7E-47DD-8A3C-7FF2A13CFCEC, uuid=5CF9BE6B-A6E6-084D-9073-A3E708969321, name="ROOT-B"
/dev/sda6 : start=       16464, size=           1, type=FE3A2A5D-4F32-41A7-B725-ACCC3285A309, uuid=53C6B63B-59A8-7240-8158-FEEF7E0874E3, name="KERN-C", attrs="GUID:52,53,54,55"
/dev/sda7 : start=       16465, size=           1, type=3CB8E202-3B7E-47DD-8A3C-7FF2A13CFCEC, uuid=89CD211E-9BF5-074E-9B6F-D741BAD631D0, name="ROOT-C"
/dev/sda8 : start=       86032, size=     2097152, type=0FC63DAF-8483-4772-8E79-3D69D8477DE4, uuid=C929A2C8-9768-C946-89F8-FE5E453B04DD, name="OEM"
/dev/sda9 : start=       16466, size=           1, type=2E0A753D-9E48-43B0-8337-B15192CB1B5E, uuid=A2D8500B-0EE9-224E-B527-B45CA8274FA8, name="reserved"
/dev/sda10 : start=       16467, size=           1, type=2E0A753D-9E48-43B0-8337-B15192CB1B5E, uuid=BC25C7BF-57A7-E649-A1DD-4CFC41B5845B, name="reserved"
/dev/sda11 : start=          80, size=       16384, type=CAB6E88E-ABF3-4102-A07A-D4BB9BE3C1D3, uuid=B1B72459-3B70-8949-9A8C-479553A63F26, name="RWFW"
/dev/sda12 : start=    48484352, size=      409600, type=C12A7328-F81F-11D2-BA4B-00A0C93EC93B, uuid=99DFA408-E99D-8E4A-9B56-92316D95AB05, name="EFI-SYSTEM"
/dev/sda28 : start=    48893952, size=   441340767, type=7C3457EF-0000-11AA-AA11-00306543ECAC, uuid=A324F620-AF03-0542-893E-35964C304217, name="Customer"
